// Jest Snapshot v1, https://goo.gl/fbAQLP

exports[`DriverCardSnapshot should render normal driver card 1`] = `
<DocumentFragment>
  <div
    class="sc-gsnTZi byoYPo"
  >
    <div
      class="sc-hKMtZM dfTmvn"
    >
      <div>
        <p
          class="sc-dkzDqf sc-eCYdqJ bkDjgV geixOC"
        >
          Driver ID
        </p>
        <p
          class="sc-jSMfEi eQOOWD"
        >
          userName
        </p>
      </div>
      <div
        class="sc-gKXOVf kSkZUi"
      >
        <svg
          fill="currentColor"
          height="1em"
          stroke="currentColor"
          stroke-width="0"
          viewBox="0 0 20 20"
          width="1em"
          xmlns="http://www.w3.org/2000/svg"
        >
          <path
            d="M6 10a2 2 0 11-4 0 2 2 0 014 0zM12 10a2 2 0 11-4 0 2 2 0 014 0zM16 12a2 2 0 100-4 2 2 0 000 4z"
          />
        </svg>
      </div>
    </div>
    <img
      class="sc-bczRLJ hLfesy"
      src="profile_picture_url"
    />
    <div
      class="sc-papXJ cUbEkE"
    >
      <p
        class="sc-dkzDqf sc-iBkjds bkDjgV fFsFeO"
      >
        Nama Driver
      </p>
      <p
        class="sc-ftvSup gkzTvw"
      >
        firstName, lastName
      </p>
    </div>
    <div
      class="sc-papXJ cUbEkE"
    >
      <p
        class="sc-dkzDqf sc-iBkjds bkDjgV fFsFeO"
      >
        Telepon
      </p>
      <p
        class="sc-ftvSup gkzTvw"
      >
        098123123123
      </p>
    </div>
    <div
      class="sc-papXJ cUbEkE"
    >
      <p
        class="sc-dkzDqf sc-iBkjds bkDjgV fFsFeO"
      >
        Email
      </p>
      <p
        class="sc-ftvSup gkzTvw"
      >
        email@email.com
      </p>
    </div>
    <div
      class="sc-papXJ cUbEkE"
    >
      <p
        class="sc-dkzDqf sc-iBkjds bkDjgV fFsFeO"
      >
        Tanggal Lahir
      </p>
      <p
        class="sc-ftvSup gkzTvw"
      >
        12/10/1998
      </p>
    </div>
  </div>
</DocumentFragment>
`;
