// Jest Snapshot v1, https://goo.gl/fbAQLP

exports[`ListDriverSnapshot should render normal list driver 1`] = `
<DocumentFragment>
  <div
    class="sc-ksZaOG gitNJv"
  >
    <div
      class="sc-eCYdqJ iywVtZ"
    >
      <div
        class="sc-gKXOVf bmManZ"
      >
        <div>
          <p
            class="sc-jSMfEi sc-iBkjds iqvdNZ hxEleX"
          >
            Driver ID
          </p>
          <p
            class="sc-ftvSup BYxNv"
          >
            userName
          </p>
        </div>
        <div
          class="sc-papXJ hdbybu"
        >
          <svg
            fill="currentColor"
            height="1em"
            stroke="currentColor"
            stroke-width="0"
            viewBox="0 0 20 20"
            width="1em"
            xmlns="http://www.w3.org/2000/svg"
          >
            <path
              d="M6 10a2 2 0 11-4 0 2 2 0 014 0zM12 10a2 2 0 11-4 0 2 2 0 014 0zM16 12a2 2 0 100-4 2 2 0 000 4z"
            />
          </svg>
        </div>
      </div>
      <img
        class="sc-hKMtZM iuUrIk"
        src="profile_picture_url"
      />
      <div
        class="sc-iqcoie fwuSZr"
      >
        <p
          class="sc-jSMfEi sc-jqUVSM iqvdNZ bwebnF"
        >
          Nama Driver
        </p>
        <p
          class="sc-kDDrLX gamHiL"
        >
          firstName, lastName
        </p>
      </div>
      <div
        class="sc-iqcoie fwuSZr"
      >
        <p
          class="sc-jSMfEi sc-jqUVSM iqvdNZ bwebnF"
        >
          Telepon
        </p>
        <p
          class="sc-kDDrLX gamHiL"
        >
          098123123123
        </p>
      </div>
      <div
        class="sc-iqcoie fwuSZr"
      >
        <p
          class="sc-jSMfEi sc-jqUVSM iqvdNZ bwebnF"
        >
          Email
        </p>
        <p
          class="sc-kDDrLX gamHiL"
        >
          email@email.com
        </p>
      </div>
      <div
        class="sc-iqcoie fwuSZr"
      >
        <p
          class="sc-jSMfEi sc-jqUVSM iqvdNZ bwebnF"
        >
          Tanggal Lahir
        </p>
        <p
          class="sc-kDDrLX gamHiL"
        >
          12/10/1998
        </p>
      </div>
    </div>
  </div>
</DocumentFragment>
`;
